// Jest Snapshot v1, https://goo.gl/fbAQLP

exports[`should render without crash 1`] = `
.emotion-1 div {
  margin-top: 5em;
  height: 2px;
  background-color: #f3f3f3;
}

.emotion-1 section {
  margin: 30px auto;
  display: -webkit-box;
  display: -webkit-flex;
  display: -ms-flexbox;
  display: flex;
  -webkit-box-pack: justify;
  -webkit-justify-content: space-between;
  -ms-flex-pack: justify;
  justify-content: space-between;
}

@media (max-width:850px) {
  .emotion-1 section {
    display: block;
    margin: 30px auto;
  }

  .emotion-1 section span {
    display: block;
    margin: 20px auto;
  }
}

.emotion-1 a {
  color: #B041BF;
}

.emotion-0 {
  font-size: 16px;
  line-height: 24px;
  font-weight: 400;
  color: #3f3d3d;
}

.emotion-1 div {
  margin-top: 5em;
  height: 2px;
  background-color: #f3f3f3;
}

.emotion-1 section {
  margin: 30px auto;
  display: -webkit-box;
  display: -webkit-flex;
  display: -ms-flexbox;
  display: flex;
  -webkit-box-pack: justify;
  -webkit-justify-content: space-between;
  -ms-flex-pack: justify;
  justify-content: space-between;
}

@media (max-width:850px) {
  .emotion-1 section {
    display: block;
    margin: 30px auto;
  }

  .emotion-1 section span {
    display: block;
    margin: 20px auto;
  }
}

.emotion-1 a {
  color: #B041BF;
}

.emotion-0 {
  font-size: 16px;
  line-height: 24px;
  font-weight: 400;
  color: #3f3d3d;
}

<div
  className="emotion-1"
>
  <div />
  <section>
    <p
      className="emotion-0"
    >
      Released v0.1.0 under MIT License. Copyright Â© 2020 Job Triage.
       
    </p>
    <span>
      Follow
      <a
        href="https://twitter.com/KoushikKM96"
        rel="noopener noreferrer"
        target="_blank"
      >
        @Twitter
      </a>
       
      to get updates!
    </span>
    <span>
      Need help?
      <a
        href="mailto:jobtriage@gmail.com"
        rel="noopener noreferrer"
        target="_blank"
      >
        @Gmail
      </a>
    </span>
  </section>
</div>
`;
